// Jest Snapshot v1, https://goo.gl/fbAQLP

exports[`Test for the LandingPage component Should match the snapshot 1`] = `
Object {
  "asFragment": [Function],
  "baseElement": <body>
    <div>
      <div
        class="tc"
      >
        <h1
          class="f1 title"
        >
          Robo Friends
        </h1>
        <hr />
        <div
          class="pa2"
        >
          <input
            class="pa3 ba b--green bg-lightest-blue"
            name="search"
            placeholder="Search Robots"
            type="search"
          />
        </div>
        <div
          style="overflow-y: scroll; height: 80vh;"
        >
          <div
            class="bg-light-green dib br3 pa3 ma2 grow bw2 shadow-5"
          >
            <img
              alt="robot homie"
              src="https://robohash.org/1?size=200x200"
            />
            <div>
              <h2
                data-testid="name"
              >
                wallace
              </h2>
              <p
                data-testid="email"
              >
                wallace@email.com
              </p>
              <p
                data-testid="phone"
              >
                707099883
              </p>
            </div>
          </div>
          <div
            class="bg-light-green dib br3 pa3 ma2 grow bw2 shadow-5"
          >
            <img
              alt="robot homie"
              src="https://robohash.org/2?size=200x200"
            />
            <div>
              <h2
                data-testid="name"
              >
                pollo
              </h2>
              <p
                data-testid="email"
              >
                pollo@email.com
              </p>
              <p
                data-testid="phone"
              >
                707023883
              </p>
            </div>
          </div>
          <div
            class="bg-light-green dib br3 pa3 ma2 grow bw2 shadow-5"
          >
            <img
              alt="robot homie"
              src="https://robohash.org/3?size=200x200"
            />
            <div>
              <h2
                data-testid="name"
              >
                rco
              </h2>
              <p
                data-testid="email"
              >
                rco@email.com
              </p>
              <p
                data-testid="phone"
              >
                723449883
              </p>
            </div>
          </div>
        </div>
      </div>
    </div>
  </body>,
  "container": <div>
    <div
      class="tc"
    >
      <h1
        class="f1 title"
      >
        Robo Friends
      </h1>
      <hr />
      <div
        class="pa2"
      >
        <input
          class="pa3 ba b--green bg-lightest-blue"
          name="search"
          placeholder="Search Robots"
          type="search"
        />
      </div>
      <div
        style="overflow-y: scroll; height: 80vh;"
      >
        <div
          class="bg-light-green dib br3 pa3 ma2 grow bw2 shadow-5"
        >
          <img
            alt="robot homie"
            src="https://robohash.org/1?size=200x200"
          />
          <div>
            <h2
              data-testid="name"
            >
              wallace
            </h2>
            <p
              data-testid="email"
            >
              wallace@email.com
            </p>
            <p
              data-testid="phone"
            >
              707099883
            </p>
          </div>
        </div>
        <div
          class="bg-light-green dib br3 pa3 ma2 grow bw2 shadow-5"
        >
          <img
            alt="robot homie"
            src="https://robohash.org/2?size=200x200"
          />
          <div>
            <h2
              data-testid="name"
            >
              pollo
            </h2>
            <p
              data-testid="email"
            >
              pollo@email.com
            </p>
            <p
              data-testid="phone"
            >
              707023883
            </p>
          </div>
        </div>
        <div
          class="bg-light-green dib br3 pa3 ma2 grow bw2 shadow-5"
        >
          <img
            alt="robot homie"
            src="https://robohash.org/3?size=200x200"
          />
          <div>
            <h2
              data-testid="name"
            >
              rco
            </h2>
            <p
              data-testid="email"
            >
              rco@email.com
            </p>
            <p
              data-testid="phone"
            >
              723449883
            </p>
          </div>
        </div>
      </div>
    </div>
  </div>,
  "debug": [Function],
  "findAllByAltText": [Function],
  "findAllByDisplayValue": [Function],
  "findAllByLabelText": [Function],
  "findAllByPlaceholderText": [Function],
  "findAllByRole": [Function],
  "findAllByTestId": [Function],
  "findAllByText": [Function],
  "findAllByTitle": [Function],
  "findByAltText": [Function],
  "findByDisplayValue": [Function],
  "findByLabelText": [Function],
  "findByPlaceholderText": [Function],
  "findByRole": [Function],
  "findByTestId": [Function],
  "findByText": [Function],
  "findByTitle": [Function],
  "getAllByAltText": [Function],
  "getAllByDisplayValue": [Function],
  "getAllByLabelText": [Function],
  "getAllByPlaceholderText": [Function],
  "getAllByRole": [Function],
  "getAllByTestId": [Function],
  "getAllByText": [Function],
  "getAllByTitle": [Function],
  "getByAltText": [Function],
  "getByDisplayValue": [Function],
  "getByLabelText": [Function],
  "getByPlaceholderText": [Function],
  "getByRole": [Function],
  "getByTestId": [Function],
  "getByText": [Function],
  "getByTitle": [Function],
  "queryAllByAltText": [Function],
  "queryAllByDisplayValue": [Function],
  "queryAllByLabelText": [Function],
  "queryAllByPlaceholderText": [Function],
  "queryAllByRole": [Function],
  "queryAllByTestId": [Function],
  "queryAllByText": [Function],
  "queryAllByTitle": [Function],
  "queryByAltText": [Function],
  "queryByDisplayValue": [Function],
  "queryByLabelText": [Function],
  "queryByPlaceholderText": [Function],
  "queryByRole": [Function],
  "queryByTestId": [Function],
  "queryByText": [Function],
  "queryByTitle": [Function],
  "rerender": [Function],
  "unmount": [Function],
}
`;
